[2026-07-04 11:56:16] === Attempt 1/10 (log: /home/jordi/TFM/rl_uav_aerostack2/runs/ppo/supervise_train_ppo_phase1_exp012_attempt1_20260704_115616.log) ===
[2026-07-04 11:56:16] Restarting simulator stack ...
[2026-07-04 11:56:21] Waiting for reset_simulator_state service ...
[2026-07-04 11:56:28] Simulator healthy.
[2026-07-04 11:56:30] No matching checkpoint found; starting fresh.
[2026-07-04 11:56:30] Launching training ...
[2026-07-04 18:07:40] Training exited with code 1; retrying in 10s.
[2026-07-04 18:07:50] === Attempt 2/10 (log: /home/jordi/TFM/rl_uav_aerostack2/runs/ppo/supervise_train_ppo_phase1_exp012_attempt2_20260704_180750.log) ===
[2026-07-04 18:07:50] Restarting simulator stack ...
[2026-07-04 18:07:55] Waiting for reset_simulator_state service ...
[2026-07-04 18:08:03] Simulator healthy.
[2026-07-04 18:08:04] Resuming from checkpoint: runs/ppo/ppo_phase1_exp012_bounds_guard_50k_20260704_115631/checkpoints/ppo_phase1_exp012_40000_steps.zip
[2026-07-04 18:08:04] Launching training ...
[2026-07-04 19:05:17] Training exited with code 1; retrying in 10s.
[2026-07-04 19:05:27] === Attempt 3/10 (log: /home/jordi/TFM/rl_uav_aerostack2/runs/ppo/supervise_train_ppo_phase1_exp012_attempt3_20260704_190527.log) ===
[2026-07-04 19:05:27] Restarting simulator stack ...
[2026-07-04 19:05:32] Waiting for reset_simulator_state service ...
[2026-07-04 19:05:39] Simulator healthy.
[2026-07-04 19:05:41] Resuming from checkpoint: runs/ppo/ppo_phase1_exp012_bounds_guard_50k_20260704_180806/checkpoints/ppo_phase1_exp012_50000_steps.zip
[2026-07-04 19:05:41] Launching training ...
[2026-07-04 19:05:58] Training completed successfully on attempt 3.
[2026-07-04 19:05:58] === Supervisor done: attempts used 3, last exit code 0 ===
