[2026-07-05 22:32:06] === Attempt 1/15, recycle 0 (log: /home/jordi/TFM/rl_uav_aerostack2/runs/ppo/supervise_train_ppo_phase1_exp018_attempt1_20260705_223206.log) ===
[2026-07-05 22:32:06] Restarting simulator stack ...
[2026-07-05 22:32:12] Waiting for reset_simulator_state service ...
[2026-07-05 22:32:26] Simulator healthy.
[2026-07-05 22:32:28] Warm start from external checkpoint: runs/ppo/ppo_phase1_exp016_curriculum_full_150k_20260705_150025/model_final.zip
[2026-07-05 22:32:28] Launching training ...
[2026-07-06 01:02:28] Preventive recycle #1 after 9000s (exit 124); restarting on a fresh stack.
[2026-07-06 01:02:28] === Attempt 1/15, recycle 1 (log: /home/jordi/TFM/rl_uav_aerostack2/runs/ppo/supervise_train_ppo_phase1_exp018_attempt1_20260706_010228.log) ===
[2026-07-06 01:02:28] Restarting simulator stack ...
[2026-07-06 01:02:35] Waiting for reset_simulator_state service ...
[2026-07-06 01:02:44] Simulator healthy.
[2026-07-06 01:02:46] Resuming from checkpoint: runs/ppo/ppo_phase1_exp018_vectorized_watchdog_200k_20260705_223230/checkpoints/ppo_phase1_exp018_170296_steps.zip
[2026-07-06 01:02:46] Launching training ...
[2026-07-06 03:32:46] Preventive recycle #2 after 9000s (exit 124); restarting on a fresh stack.
[2026-07-06 03:32:46] === Attempt 1/15, recycle 2 (log: /home/jordi/TFM/rl_uav_aerostack2/runs/ppo/supervise_train_ppo_phase1_exp018_attempt1_20260706_033246.log) ===
[2026-07-06 03:32:46] Restarting simulator stack ...
[2026-07-06 03:32:53] Waiting for reset_simulator_state service ...
[2026-07-06 03:33:08] Simulator healthy.
[2026-07-06 03:33:10] Resuming from checkpoint: runs/ppo/ppo_phase1_exp018_vectorized_watchdog_200k_20260706_010248/checkpoints/ppo_phase1_exp018_180296_steps.zip
[2026-07-06 03:33:10] Launching training ...
[2026-07-06 06:03:10] Preventive recycle #3 after 9000s (exit 124); restarting on a fresh stack.
[2026-07-06 06:03:10] === Attempt 1/15, recycle 3 (log: /home/jordi/TFM/rl_uav_aerostack2/runs/ppo/supervise_train_ppo_phase1_exp018_attempt1_20260706_060310.log) ===
[2026-07-06 06:03:10] Restarting simulator stack ...
[2026-07-06 06:03:17] Waiting for reset_simulator_state service ...
[2026-07-06 06:03:26] Simulator healthy.
[2026-07-06 06:03:28] Resuming from checkpoint: runs/ppo/ppo_phase1_exp018_vectorized_watchdog_200k_20260706_033311/checkpoints/ppo_phase1_exp018_190296_steps.zip
[2026-07-06 06:03:28] Launching training ...
[2026-07-06 07:16:22] Training completed successfully on attempt 1.
[2026-07-06 07:16:22] === Supervisor done: attempts used 1, recycles 3, last exit code 0 ===
